(1, 'Afghanistan', 93),
(2, 'Albania', 355),
(3, 'Algeria', 213),
(4, 'American Samoa', 1684),
(5, 'Andorra', 376),
(6, 'Angola', 244),
(7, 'Anguilla', 1264),
(8, 'Antarctica', 0),
(9, 'Antigua and Barbuda', 1268),
(10, 'Argentina', 54),
(11, 'Armenia', 374),
(12, 'Aruba', 297),
(13, 'Australia', 61),
(14, 'Austria', 43),
(15, 'Azerbaijan', 994),
(16, 'Bahamas', 1242),
(17, 'Bahrain', 973),
(18, 'Bangladesh', 880),
(19, 'Barbados', 1246),
(20, 'Belarus', 375),
(21, 'Belgium', 32),
(22, 'Belize', 501),
(23, 'Benin', 229),
(24, 'Bermuda', 1441),
(25, 'Bhutan', 975),
(26, 'Bolivia', 591),
(27, 'Bonaire, Sint Eustatius and Saba', 599),
(28, 'Bosnia and Herzegovina', 387),
(29, 'Botswana', 267),
(30, 'Bouvet Island', 0),
(31, 'Brazil', 55),
(32, 'British Indian Ocean Territory', 246),
(33, 'Brunei Darussalam', 673),
(34, 'Bulgaria', 359),
(35, 'Burkina Faso', 226),
(36, 'Burundi', 257),
(37, 'Cabo Verde', 238),
(38, 'Cambodia', 855),
(39, 'Cameroon', 237),
(40, 'Canada', 1),
(41, 'Cayman Islands', 1345),
(42, 'Central African Republic', 236),
(43, 'Chad', 235),
(44, 'Chile', 56),
(45, 'China', 86),
(46, 'Christmas Island', 61),
(47, 'Cocos (Keeling) Islands', 61),
(48, 'Colombia', 57),
(49, 'Comoros', 269),
(50, 'Congo', 242),
(51, 'Congo, the Democratic Republic of the', 243),
(52, 'Cook Islands', 682),
(53, 'Costa Rica', 506),
(54, 'Côte d''Ivoire', 225),
(55, 'Croatia', 385),
(56, 'Cuba', 53),
(57, 'Curaçao', 599),
(58, 'Cyprus', 357),
(59, 'Czechia', 420),
(60, 'Denmark', 45),
(61, 'Djibouti', 253),
(62, 'Dominica', 1767),
(63, 'Dominican Republic', 1809),
(64, 'Ecuador', 593),
(65, 'Egypt', 20),
(66, 'El Salvador', 503),
(67, 'Equatorial Guinea', 240),
(68, 'Eritrea', 291),
(69, 'Estonia', 372),
(70, 'Eswatini', 268),
(71, 'Ethiopia', 251),
(72, 'Falkland Islands (Malvinas)', 500),
(73, 'Faroe Islands', 298),
(74, 'Fiji', 679),
(75, 'Finland', 358),
(76, 'France', 33),
(77, 'French Guiana', 594),
(78, 'French Polynesia', 689),
(79, 'French Southern Territories', 0),
(80, 'Gabon', 241),
(81, 'Gambia', 220),
(82, 'Georgia', 995),
(83, 'Germany', 49),
(84, 'Ghana', 233),
(85, 'Gibraltar', 350),
(86, 'Greece', 30),
(87, 'Greenland', 299),
(88, 'Grenada', 1473),
(89, 'Guadeloupe', 590),
(90, 'Guam', 1671),
(91, 'Guatemala', 502),
(92, 'Guernsey', 44),
(93, 'Guinea', 224),
(94, 'Guinea-Bissau', 245),
(95, 'Guyana', 592),
(96, 'Haiti', 509),
(97, 'Heard Island and McDonald Islands', 0),
(98, 'Holy See', 379),
(99, 'Honduras', 504),
(100, 'Hong Kong', 852),
(101, 'Hungary', 36),
(102, 'Iceland', 354),
(103, 'India', 91),
(104, 'Indonesia', 62),
(105, 'Iran, Islamic Republic of', 98),
(106, 'Iraq', 964),
(107, 'Ireland', 353),
(108, 'Isle of Man', 44),
(109, 'Israel', 972),
(110, 'Italy', 39),
(111, 'Jamaica', 1876),
(112, 'Japan', 81),
(113, 'Jersey', 44),
(114, 'Jordan', 962),
(115, 'Kazakhstan', 7),
(116, 'Kenya', 254),
(117, 'Kiribati', 686),
(118, REPUBLIC OF', People''s
Republic 'PRK', (119,
'KOREA, 'Korea, Republic of', 82),
(120, 'Kosovo', 383),
(121, 'Kuwait', 965),
(122, 'Kyrgyzstan', 996),
(123, DEMOCRATIC REPUBLIC', Democratic
Republic', (124,
'LATVIA', 371),
(125, 'Lebanon', 961),
(126, 'Lesotho', 266),
(127, 'Liberia', 231),
(128, 'Libya', 218),
(129, 'Liechtenstein', 423),
(130, 'Lithuania', 370),
(131, 'Luxembourg', 352),
(132, 'Macao', 853),
(133, 'Madagascar', 261),
(134, 'Malawi', 265),
(135, 'Malaysia', 60),
(136, 'Maldives', 960),
(137, 'Mali', 223),
(138, 'Malta', 356),
(139, 'Marshall Islands', 692),
(140, 'Martinique', 596),
(141, 'Mauritania', 222),
(142, 'Mauritius', 230),
(143, 'Mayotte', 262),
(144, 'Mexico', 52),
(145, 'Micronesia, Federated States of', 691),
(146, 'Moldova, Republic of', 373),
(147, 'Monaco', 377),
(148, 'Mongolia', 976),
(149, 'Montenegro', 382),
(150, 'Montserrat', 1664),
(151, 'Morocco', 212),
(152, 'Mozambique', 258),
(153, 'Myanmar', 95),
(154, 'Namibia', 264),
(155, 'Nauru', 674),
(156, 'Nepal', 977),
(157, 'Netherlands', 31),
(158, 'New Caledonia', 687),
(159, 'New Zealand', 64),
(160, 'Nicaragua', 505),
(161, 'Niger', 227),
(162, 'Nigeria', 234),
(163, 'Niue', 683),
(164, 'Norfolk Island', 672),
(165, 'North Macedonia', 389),
(166, 'Northern Mariana Islands', 1670),
(167, 'Norway', 47),
(168, 'Oman', 968),
(169, 'Pakistan', 92),
(170, 'Palau', 680),
(171, 'Palestine, State of', 970),
(172, 'Panama', 507),
(173, 'Papua New Guinea', 675),
(174, 'Paraguay', 595),
(175, 'Peru', 51),
(176, 'Philippines', 63),
(177, 'Pitcairn', 64),
(178, 'Poland', 48),
(179, 'Portugal', 351),
(180, 'Puerto Rico', 1787),
(181, 'Qatar', 974),
(182, 'Réunion', 262),
(183, 'Romania', 40),
(184, 'Russian Federation', 7),
(185, 'Rwanda', 250),
(186, 'Saint Barthélemy', 590),
(187, 'Saint Helena, Ascension and Tristan da Cunha', 290),
(188, 'Saint Kitts and Nevis', 1869),
(189, 'Saint Lucia', 1758),
(190, 'Saint Martin (French part)', 590),
(191, 'Saint Pierre and Miquelon', 508),
(192, 'Saint Vincent and the Grenadines', 1784),
(193, 'Samoa', 685),
(194, 'San Marino', 378),
(195, 'Sao Tome and Principe', 239),
(196, 'Saudi Arabia', 966),
(197, 'Senegal', 221),
(198, 'Serbia', 381),
(199, 'Seychelles', 248),
(200, 'Sierra Leone', 232),
(201, 'Singapore', 65),
(202, 'Sint Maarten (Dutch part)', 1721),
(203, 'Slovakia', 421),
(204, 'Slovenia', 386),
(205, 'Solomon Islands', 677),
(206, 'Somalia', 252),
(207, 'South Africa', 27),
(208, 'South Georgia and the South Sandwich Islands', 500),
(209, 'South Sudan', 211),
(210, 'Spain', 34),
(211, 'Sri Lanka', 94),
(212, 'Sudan', 249),
(213, 'Suriname', 597),
(214, 'Svalbard and Jan Mayen', 47),
(215, 'Sweden', 46),
(216, 'Switzerland', 41),
(217, 'Syrian Arab Republic', 963),
(218, 'Taiwan, Province of China', 886),
(219, 'Tajikistan', 992),
(220, 'Tanzania, United Republic of', 255),
(221, 'Thailand', 66),
(222, 'Timor-Leste', 670),
(223, 'Togo', 228),
(224, 'Tokelau', 690),
(225, 'Tonga', 676),
(226, 'Trinidad and Tobago', 1868),
(227, 'Tunisia', 216),
(228, 'Türkiye', 90),
(229, 'Turkmenistan', 993),
(230, 'Turks and Caicos Islands', 1649),
(231, 'Tuvalu', 688),
(232, 'Uganda', 256),
(233, 'Ukraine', 380),
(234, 'United Arab Emirates', 971),
(235, 'United Kingdom', 44),
(236, 'United States', 1),
(237, 'United States Minor Outlying Islands', 1),
(238, 'Uruguay', 598),
(239, 'Uzbekistan', 998),
(240, 'Vanuatu', 678),
(241, 'Venezuela', 58),
(242, 'Viet Nam', 84),
(243, 'Virgin Islands, British', 1284),
(244, 'Virgin Islands, U.S.', 1340),
(245, 'Wallis and Futuna', 681),
(246, 'Western Sahara', 212),
(247, 'Yemen', 967),
(248, 'Zambia', 260),
(249, 'Zimbabwe', 263);